
================================================================================
  NEONATAL EEG FEATURE EXTRACTION & CACHING
================================================================================
Dataset directory: d:\neonatal\dataset (79 EDF files)
Cache root: D:\neonatal\study_results\feature_cache

------------------------------------------------------------
  Loading Annotations (3 annotators)
------------------------------------------------------------
  Loaded 3 annotation files
    Annotator 1: 15416 rows x 79 columns
    Annotator 2: 15416 rows x 79 columns
    Annotator 3: 15416 rows x 79 columns

------------------------------------------------------------
  Processing 39 Annotated Patients
------------------------------------------------------------

----------------------------------------
Patient 1
----------------------------------------
  EDF loaded: 6993 epochs x 18 channels x 256 samples
  Annotations: 4286/6993 valid (agreement), seizure=745, non-seizure=3541
  Extracting spectral slope features...
  [SKIP] Patient 1: already cached at D:\neonatal\study_results\feature_cache\spectral_slope\patient_001.csv
  Extracting band_power features...
  [SKIP] Patient 1/band_power: already cached
  Extracting hjorth features...
  [SKIP] Patient 1/hjorth: already cached
  Extracting time_domain features...
  [SKIP] Patient 1/time_domain: already cached
  Extracting spectral_entropy features...
  [SKIP] Patient 1/spectral_entropy: already cached
  Extracting emd features...
  [OK] Patient 1/emd: 77148 rows
  Extracting dwt features...
  [OK] Patient 1/dwt: 77148 rows

----------------------------------------
Patient 4
----------------------------------------
  EDF loaded: 3425 epochs x 18 channels x 256 samples
  Annotations: 2977/3425 valid (agreement), seizure=850, non-seizure=2127
  Extracting spectral slope features...
  [SKIP] Patient 4: already cached at D:\neonatal\study_results\feature_cache\spectral_slope\patient_004.csv
  Extracting band_power features...
  [SKIP] Patient 4/band_power: already cached
  Extracting hjorth features...
  [SKIP] Patient 4/hjorth: already cached
  Extracting time_domain features...
  [SKIP] Patient 4/time_domain: already cached
  Extracting spectral_entropy features...
  [SKIP] Patient 4/spectral_entropy: already cached
  Extracting emd features...
  [OK] Patient 4/emd: 53586 rows
  Extracting dwt features...
  [OK] Patient 4/dwt: 53586 rows

----------------------------------------
Patient 5
----------------------------------------
  EDF loaded: 3841 epochs x 18 channels x 256 samples
  Annotations: 3628/3841 valid (agreement), seizure=3136, non-seizure=492
  Extracting spectral slope features...
  [SKIP] Patient 5: already cached at D:\neonatal\study_results\feature_cache\spectral_slope\patient_005.csv
  Extracting band_power features...
  [SKIP] Patient 5/band_power: already cached
  Extracting hjorth features...
  [SKIP] Patient 5/hjorth: already cached
  Extracting time_domain features...
  [SKIP] Patient 5/time_domain: already cached
  Extracting spectral_entropy features...
  [SKIP] Patient 5/spectral_entropy: already cached
  Extracting emd features...
  [OK] Patient 5/emd: 65304 rows
  Extracting dwt features...
  [OK] Patient 5/dwt: 65304 rows

----------------------------------------
Patient 7
----------------------------------------
  EDF loaded: 3654 epochs x 18 channels x 256 samples
  Annotations: 3277/3654 valid (agreement), seizure=605, non-seizure=2672
  Extracting spectral slope features...
  [SKIP] Patient 7: already cached at D:\neonatal\study_results\feature_cache\spectral_slope\patient_007.csv
  Extracting band_power features...
  [SKIP] Patient 7/band_power: already cached
  Extracting hjorth features...
  [SKIP] Patient 7/hjorth: already cached
  Extracting time_domain features...
  [SKIP] Patient 7/time_domain: already cached
  Extracting spectral_entropy features...
  [SKIP] Patient 7/spectral_entropy: already cached
  Extracting emd features...
  [OK] Patient 7/emd: 58986 rows
  Extracting dwt features...
  [OK] Patient 7/dwt: 58986 rows

----------------------------------------
Patient 9
----------------------------------------
  EDF loaded: 3550 epochs x 18 channels x 256 samples
  Annotations: 3369/3550 valid (agreement), seizure=862, non-seizure=2507
  Extracting spectral slope features...
  [SKIP] Patient 9: already cached at D:\neonatal\study_results\feature_cache\spectral_slope\patient_009.csv
  Extracting band_power features...
  [SKIP] Patient 9/band_power: already cached
  Extracting hjorth features...
  [SKIP] Patient 9/hjorth: already cached
  Extracting time_domain features...
  [SKIP] Patient 9/time_domain: already cached
  Extracting spectral_entropy features...
  [SKIP] Patient 9/spectral_entropy: already cached
  Extracting emd features...
  [OK] Patient 9/emd: 60642 rows
  Extracting dwt features...
  [OK] Patient 9/dwt: 60642 rows

----------------------------------------
Patient 11
----------------------------------------
  EDF loaded: 7488 epochs x 18 channels x 256 samples
  Annotations: 7396/7488 valid (agreement), seizure=40, non-seizure=7356
  Extracting spectral slope features...
  [SKIP] Patient 11: already cached at D:\neonatal\study_results\feature_cache\spectral_slope\patient_011.csv
  Extracting band_power features...
  [SKIP] Patient 11/band_power: already cached
  Extracting hjorth features...
  [SKIP] Patient 11/hjorth: already cached
  Extracting time_domain features...
  [SKIP] Patient 11/time_domain: already cached
  Extracting spectral_entropy features...
  [SKIP] Patient 11/spectral_entropy: already cached
  Extracting emd features...
  [OK] Patient 11/emd: 133128 rows
  Extracting dwt features...
  [OK] Patient 11/dwt: 133128 rows

----------------------------------------
Patient 13
----------------------------------------
  EDF loaded: 15416 epochs x 18 channels x 256 samples
  Annotations: 15215/15416 valid (agreement), seizure=1235, non-seizure=13980
  Extracting spectral slope features...
  [SKIP] Patient 13: already cached at D:\neonatal\study_results\feature_cache\spectral_slope\patient_013.csv
  Extracting band_power features...
  [SKIP] Patient 13/band_power: already cached
  Extracting hjorth features...
  [SKIP] Patient 13/hjorth: already cached
  Extracting time_domain features...
  [SKIP] Patient 13/time_domain: already cached
  Extracting spectral_entropy features...
  [SKIP] Patient 13/spectral_entropy: already cached
  Extracting emd features...
  [OK] Patient 13/emd: 273870 rows
  Extracting dwt features...
  [OK] Patient 13/dwt: 273870 rows

----------------------------------------
Patient 14
----------------------------------------
  EDF loaded: 3726 epochs x 18 channels x 256 samples
  Annotations: 3305/3726 valid (agreement), seizure=2084, non-seizure=1221
  Extracting spectral slope features...
  [SKIP] Patient 14: already cached at D:\neonatal\study_results\feature_cache\spectral_slope\patient_014.csv
  Extracting band_power features...
  [SKIP] Patient 14/band_power: already cached
  Extracting hjorth features...
  [SKIP] Patient 14/hjorth: already cached
  Extracting time_domain features...
  [SKIP] Patient 14/time_domain: already cached
  Extracting spectral_entropy features...
  [SKIP] Patient 14/spectral_entropy: already cached
  Extracting emd features...
  [OK] Patient 14/emd: 59490 rows
  Extracting dwt features...
  [OK] Patient 14/dwt: 59490 rows

----------------------------------------
Patient 15
----------------------------------------
  EDF loaded: 6898 epochs x 18 channels x 256 samples
  Annotations: 5678/6898 valid (agreement), seizure=425, non-seizure=5253
  Extracting spectral slope features...
  [SKIP] Patient 15: already cached at D:\neonatal\study_results\feature_cache\spectral_slope\patient_015.csv
  Extracting band_power features...
  [SKIP] Patient 15/band_power: already cached
  Extracting hjorth features...
  [SKIP] Patient 15/hjorth: already cached
  Extracting time_domain features...
  [SKIP] Patient 15/time_domain: already cached
  Extracting spectral_entropy features...
  [SKIP] Patient 15/spectral_entropy: already cached
  Extracting emd features...
  [OK] Patient 15/emd: 102204 rows
  Extracting dwt features...
  [OK] Patient 15/dwt: 102204 rows

----------------------------------------
Patient 16
----------------------------------------
  EDF loaded: 5941 epochs x 18 channels x 256 samples
  Annotations: 1913/5941 valid (agreement), seizure=242, non-seizure=1671
  Extracting spectral slope features...
  [SKIP] Patient 16: already cached at D:\neonatal\study_results\feature_cache\spectral_slope\patient_016.csv
  Extracting band_power features...
  [SKIP] Patient 16/band_power: already cached
  Extracting hjorth features...
  [SKIP] Patient 16/hjorth: already cached
  Extracting time_domain features...
  [SKIP] Patient 16/time_domain: already cached
  Extracting spectral_entropy features...
  [SKIP] Patient 16/spectral_entropy: already cached
  Extracting emd features...
  [OK] Patient 16/emd: 34434 rows
  Extracting dwt features...
  [OK] Patient 16/dwt: 34434 rows

----------------------------------------
Patient 17
----------------------------------------
  EDF loaded: 5493 epochs x 18 channels x 256 samples
  Annotations: 4927/5493 valid (agreement), seizure=20, non-seizure=4907
  Extracting spectral slope features...
  [SKIP] Patient 17: already cached at D:\neonatal\study_results\feature_cache\spectral_slope\patient_017.csv
  Extracting band_power features...
  [SKIP] Patient 17/band_power: already cached
  Extracting hjorth features...
  [SKIP] Patient 17/hjorth: already cached
  Extracting time_domain features...
  [SKIP] Patient 17/time_domain: already cached
  Extracting spectral_entropy features...
  [SKIP] Patient 17/spectral_entropy: already cached
  Extracting emd features...
  [OK] Patient 17/emd: 88686 rows
  Extracting dwt features...
  [OK] Patient 17/dwt: 88686 rows

----------------------------------------
Patient 19
----------------------------------------
  EDF loaded: 9006 epochs x 18 channels x 256 samples
  Annotations: 8400/9006 valid (agreement), seizure=2089, non-seizure=6311
  Extracting spectral slope features...
  [SKIP] Patient 19: already cached at D:\neonatal\study_results\feature_cache\spectral_slope\patient_019.csv
  Extracting band_power features...
  [SKIP] Patient 19/band_power: already cached
  Extracting hjorth features...
  [SKIP] Patient 19/hjorth: already cached
  Extracting time_domain features...
  [SKIP] Patient 19/time_domain: already cached
  Extracting spectral_entropy features...
  [SKIP] Patient 19/spectral_entropy: already cached
  Extracting emd features...
  [OK] Patient 19/emd: 151200 rows
  Extracting dwt features...
  [OK] Patient 19/dwt: 151200 rows

----------------------------------------
Patient 20
----------------------------------------
  EDF loaded: 3987 epochs x 18 channels x 256 samples
  Annotations: 2771/3987 valid (agreement), seizure=639, non-seizure=2132
  Extracting spectral slope features...
  [SKIP] Patient 20: already cached at D:\neonatal\study_results\feature_cache\spectral_slope\patient_020.csv
  Extracting band_power features...
  [SKIP] Patient 20/band_power: already cached
  Extracting hjorth features...
  [SKIP] Patient 20/hjorth: already cached
  Extracting time_domain features...
  [SKIP] Patient 20/time_domain: already cached
  Extracting spectral_entropy features...
  [SKIP] Patient 20/spectral_entropy: already cached
  Extracting emd features...
  [OK] Patient 20/emd: 49878 rows
  Extracting dwt features...
  [OK] Patient 20/dwt: 49878 rows

----------------------------------------
Patient 21
----------------------------------------
  EDF loaded: 5707 epochs x 18 channels x 256 samples
  Annotations: 5703/5707 valid (agreement), seizure=39, non-seizure=5664
  Extracting spectral slope features...
  [SKIP] Patient 21: already cached at D:\neonatal\study_results\feature_cache\spectral_slope\patient_021.csv
  Extracting band_power features...
  [SKIP] Patient 21/band_power: already cached
  Extracting hjorth features...
  [SKIP] Patient 21/hjorth: already cached
  Extracting time_domain features...
  [SKIP] Patient 21/time_domain: already cached
  Extracting spectral_entropy features...
  [SKIP] Patient 21/spectral_entropy: already cached
  Extracting emd features...
  [OK] Patient 21/emd: 102654 rows
  Extracting dwt features...
  [OK] Patient 21/dwt: 102654 rows

----------------------------------------
Patient 22
----------------------------------------
  EDF loaded: 3844 epochs x 18 channels x 256 samples
  Annotations: 2689/3844 valid (agreement), seizure=311, non-seizure=2378
  Extracting spectral slope features...
  [SKIP] Patient 22: already cached at D:\neonatal\study_results\feature_cache\spectral_slope\patient_022.csv
  Extracting band_power features...
  [SKIP] Patient 22/band_power: already cached
  Extracting hjorth features...
  [SKIP] Patient 22/hjorth: already cached
  Extracting time_domain features...
  [SKIP] Patient 22/time_domain: already cached
  Extracting spectral_entropy features...
  [SKIP] Patient 22/spectral_entropy: already cached
  Extracting emd features...
  [OK] Patient 22/emd: 48402 rows
  Extracting dwt features...
  [OK] Patient 22/dwt: 48402 rows

----------------------------------------
Patient 25
----------------------------------------
  EDF loaded: 6709 epochs x 18 channels x 256 samples
  Annotations: 5848/6709 valid (agreement), seizure=43, non-seizure=5805
  Extracting spectral slope features...
  [SKIP] Patient 25: already cached at D:\neonatal\study_results\feature_cache\spectral_slope\patient_025.csv
  Extracting band_power features...
  [SKIP] Patient 25/band_power: already cached
  Extracting hjorth features...
  [SKIP] Patient 25/hjorth: already cached
  Extracting time_domain features...
  [SKIP] Patient 25/time_domain: already cached
  Extracting spectral_entropy features...
  [SKIP] Patient 25/spectral_entropy: already cached
  Extracting emd features...
  [OK] Patient 25/emd: 105264 rows
  Extracting dwt features...
  [OK] Patient 25/dwt: 105264 rows

----------------------------------------
Patient 31
----------------------------------------
  EDF loaded: 3529 epochs x 18 channels x 256 samples
  Annotations: 3512/3529 valid (agreement), seizure=167, non-seizure=3345
  Extracting spectral slope features...
  [SKIP] Patient 31: already cached at D:\neonatal\study_results\feature_cache\spectral_slope\patient_031.csv
  Extracting band_power features...
  [SKIP] Patient 31/band_power: already cached
  Extracting hjorth features...
  [SKIP] Patient 31/hjorth: already cached
  Extracting time_domain features...
  [SKIP] Patient 31/time_domain: already cached
  Extracting spectral_entropy features...
  [SKIP] Patient 31/spectral_entropy: already cached
  Extracting emd features...
  [OK] Patient 31/emd: 63216 rows
  Extracting dwt features...
  [OK] Patient 31/dwt: 63216 rows

----------------------------------------
Patient 34
----------------------------------------
  EDF loaded: 6491 epochs x 18 channels x 256 samples
  Annotations: 6488/6491 valid (agreement), seizure=452, non-seizure=6036
  Extracting spectral slope features...
  [SKIP] Patient 34: already cached at D:\neonatal\study_results\feature_cache\spectral_slope\patient_034.csv
  Extracting band_power features...
  [SKIP] Patient 34/band_power: already cached
  Extracting hjorth features...
  [SKIP] Patient 34/hjorth: already cached
  Extracting time_domain features...
  [SKIP] Patient 34/time_domain: already cached
  Extracting spectral_entropy features...
  [SKIP] Patient 34/spectral_entropy: already cached
  Extracting emd features...
  [OK] Patient 34/emd: 116784 rows
  Extracting dwt features...
  [OK] Patient 34/dwt: 116784 rows

----------------------------------------
Patient 36
----------------------------------------
  EDF loaded: 5082 epochs x 18 channels x 256 samples
  Annotations: 5000/5082 valid (agreement), seizure=451, non-seizure=4549
  Extracting spectral slope features...
  [SKIP] Patient 36: already cached at D:\neonatal\study_results\feature_cache\spectral_slope\patient_036.csv
  Extracting band_power features...
  [SKIP] Patient 36/band_power: already cached
  Extracting hjorth features...
  [SKIP] Patient 36/hjorth: already cached
  Extracting time_domain features...
  [SKIP] Patient 36/time_domain: already cached
  Extracting spectral_entropy features...
  [SKIP] Patient 36/spectral_entropy: already cached
  Extracting emd features...
  [OK] Patient 36/emd: 90000 rows
  Extracting dwt features...
  [OK] Patient 36/dwt: 90000 rows

----------------------------------------
Patient 38
----------------------------------------
  EDF loaded: 6095 epochs x 18 channels x 256 samples
  Annotations: 4257/6095 valid (agreement), seizure=2681, non-seizure=1576
  Extracting spectral slope features...
  [SKIP] Patient 38: already cached at D:\neonatal\study_results\feature_cache\spectral_slope\patient_038.csv
  Extracting band_power features...
  [SKIP] Patient 38/band_power: already cached
  Extracting hjorth features...
  [SKIP] Patient 38/hjorth: already cached
  Extracting time_domain features...
  [SKIP] Patient 38/time_domain: already cached
  Extracting spectral_entropy features...
  [SKIP] Patient 38/spectral_entropy: already cached
  Extracting emd features...
  [OK] Patient 38/emd: 76626 rows
  Extracting dwt features...
  [OK] Patient 38/dwt: 76626 rows

----------------------------------------
Patient 39
----------------------------------------
  EDF loaded: 4629 epochs x 18 channels x 256 samples
  Annotations: 4242/4629 valid (agreement), seizure=2177, non-seizure=2065
  Extracting spectral slope features...
  [SKIP] Patient 39: already cached at D:\neonatal\study_results\feature_cache\spectral_slope\patient_039.csv
  Extracting band_power features...
  [SKIP] Patient 39/band_power: already cached
  Extracting hjorth features...
  [SKIP] Patient 39/hjorth: already cached
  Extracting time_domain features...
  [SKIP] Patient 39/time_domain: already cached
  Extracting spectral_entropy features...
  [SKIP] Patient 39/spectral_entropy: already cached
  Extracting emd features...
  [OK] Patient 39/emd: 76356 rows
  Extracting dwt features...
  [OK] Patient 39/dwt: 76356 rows

----------------------------------------
Patient 40
----------------------------------------
  EDF loaded: 5837 epochs x 18 channels x 256 samples
  Annotations: 4836/5837 valid (agreement), seizure=79, non-seizure=4757
  Extracting spectral slope features...
  [SKIP] Patient 40: already cached at D:\neonatal\study_results\feature_cache\spectral_slope\patient_040.csv
  Extracting band_power features...
  [SKIP] Patient 40/band_power: already cached
  Extracting hjorth features...
  [SKIP] Patient 40/hjorth: already cached
  Extracting time_domain features...
  [SKIP] Patient 40/time_domain: already cached
  Extracting spectral_entropy features...
  [SKIP] Patient 40/spectral_entropy: already cached
  Extracting emd features...
  [OK] Patient 40/emd: 87048 rows
  Extracting dwt features...
  [OK] Patient 40/dwt: 87048 rows

----------------------------------------
Patient 41
----------------------------------------
  EDF loaded: 9684 epochs x 18 channels x 256 samples
  Annotations: 8062/9684 valid (agreement), seizure=7856, non-seizure=206
  Extracting spectral slope features...
  [SKIP] Patient 41: already cached at D:\neonatal\study_results\feature_cache\spectral_slope\patient_041.csv
  Extracting band_power features...
  [SKIP] Patient 41/band_power: already cached
  Extracting hjorth features...
  [SKIP] Patient 41/hjorth: already cached
  Extracting time_domain features...
  [SKIP] Patient 41/time_domain: already cached
  Extracting spectral_entropy features...
  [SKIP] Patient 41/spectral_entropy: already cached
  Extracting emd features...
  [OK] Patient 41/emd: 145116 rows
  Extracting dwt features...
  [OK] Patient 41/dwt: 145116 rows

----------------------------------------
Patient 44
----------------------------------------
  EDF loaded: 3360 epochs x 18 channels x 256 samples
  Annotations: 3276/3360 valid (agreement), seizure=315, non-seizure=2961
  Extracting spectral slope features...
  [SKIP] Patient 44: already cached at D:\neonatal\study_results\feature_cache\spectral_slope\patient_044.csv
  Extracting band_power features...
  [SKIP] Patient 44/band_power: already cached
  Extracting hjorth features...
  [SKIP] Patient 44/hjorth: already cached
  Extracting time_domain features...
  [SKIP] Patient 44/time_domain: already cached
  Extracting spectral_entropy features...
  [SKIP] Patient 44/spectral_entropy: already cached
  Extracting emd features...
  [OK] Patient 44/emd: 58968 rows
  Extracting dwt features...
  [OK] Patient 44/dwt: 58968 rows

----------------------------------------
Patient 47
----------------------------------------
  EDF loaded: 3606 epochs x 18 channels x 256 samples
  Annotations: 3491/3606 valid (agreement), seizure=200, non-seizure=3291
  Extracting spectral slope features...
  [SKIP] Patient 47: already cached at D:\neonatal\study_results\feature_cache\spectral_slope\patient_047.csv
  Extracting band_power features...
  [SKIP] Patient 47/band_power: already cached
  Extracting hjorth features...
  [SKIP] Patient 47/hjorth: already cached
  Extracting time_domain features...
  [SKIP] Patient 47/time_domain: already cached
  Extracting spectral_entropy features...
  [SKIP] Patient 47/spectral_entropy: already cached
  Extracting emd features...
  [OK] Patient 47/emd: 62838 rows
  Extracting dwt features...
  [OK] Patient 47/dwt: 62838 rows

----------------------------------------
Patient 50
----------------------------------------
  EDF loaded: 9850 epochs x 18 channels x 256 samples
  Annotations: 9671/9850 valid (agreement), seizure=823, non-seizure=8848
  Extracting spectral slope features...
  [SKIP] Patient 50: already cached at D:\neonatal\study_results\feature_cache\spectral_slope\patient_050.csv
  Extracting band_power features...
  [SKIP] Patient 50/band_power: already cached
  Extracting hjorth features...
  [SKIP] Patient 50/hjorth: already cached
  Extracting time_domain features...
  [SKIP] Patient 50/time_domain: already cached
  Extracting spectral_entropy features...
  [SKIP] Patient 50/spectral_entropy: already cached
  Extracting emd features...
  [OK] Patient 50/emd: 174078 rows
  Extracting dwt features...
  [OK] Patient 50/dwt: 174078 rows

----------------------------------------
Patient 51
----------------------------------------
  EDF loaded: 4701 epochs x 18 channels x 256 samples
  Annotations: 4411/4701 valid (agreement), seizure=291, non-seizure=4120
  Extracting spectral slope features...
  [SKIP] Patient 51: already cached at D:\neonatal\study_results\feature_cache\spectral_slope\patient_051.csv
  Extracting band_power features...
  [SKIP] Patient 51/band_power: already cached
  Extracting hjorth features...
  [SKIP] Patient 51/hjorth: already cached
  Extracting time_domain features...
  [SKIP] Patient 51/time_domain: already cached
  Extracting spectral_entropy features...
  [SKIP] Patient 51/spectral_entropy: already cached
  Extracting emd features...
  [OK] Patient 51/emd: 79398 rows
  Extracting dwt features...
  [OK] Patient 51/dwt: 79398 rows

----------------------------------------
Patient 52
----------------------------------------
  EDF loaded: 3920 epochs x 18 channels x 256 samples
  Annotations: 3876/3920 valid (agreement), seizure=86, non-seizure=3790
  Extracting spectral slope features...
  [SKIP] Patient 52: already cached at D:\neonatal\study_results\feature_cache\spectral_slope\patient_052.csv
  Extracting band_power features...
  [SKIP] Patient 52/band_power: already cached
  Extracting hjorth features...
  [SKIP] Patient 52/hjorth: already cached
  Extracting time_domain features...
  [SKIP] Patient 52/time_domain: already cached
  Extracting spectral_entropy features...
  [SKIP] Patient 52/spectral_entropy: already cached
  Extracting emd features...
  [OK] Patient 52/emd: 69768 rows
  Extracting dwt features...
  [OK] Patient 52/dwt: 69768 rows

----------------------------------------
Patient 62
----------------------------------------
  EDF loaded: 5852 epochs x 18 channels x 256 samples
  Annotations: 5842/5852 valid (agreement), seizure=380, non-seizure=5462
  Extracting spectral slope features...
  [SKIP] Patient 62: already cached at D:\neonatal\study_results\feature_cache\spectral_slope\patient_062.csv
  Extracting band_power features...
  [SKIP] Patient 62/band_power: already cached
  Extracting hjorth features...
  [SKIP] Patient 62/hjorth: already cached
  Extracting time_domain features...
  [SKIP] Patient 62/time_domain: already cached
  Extracting spectral_entropy features...
  [SKIP] Patient 62/spectral_entropy: already cached
  Extracting emd features...
  [OK] Patient 62/emd: 105156 rows
  Extracting dwt features...
  [OK] Patient 62/dwt: 105156 rows

----------------------------------------
Patient 63
----------------------------------------
  EDF loaded: 3900 epochs x 18 channels x 256 samples
  Annotations: 1992/3900 valid (agreement), seizure=344, non-seizure=1648
  Extracting spectral slope features...
  [SKIP] Patient 63: already cached at D:\neonatal\study_results\feature_cache\spectral_slope\patient_063.csv
  Extracting band_power features...
  [SKIP] Patient 63/band_power: already cached
  Extracting hjorth features...
  [SKIP] Patient 63/hjorth: already cached
  Extracting time_domain features...
  [SKIP] Patient 63/time_domain: already cached
  Extracting spectral_entropy features...
  [SKIP] Patient 63/spectral_entropy: already cached
  Extracting emd features...
  [OK] Patient 63/emd: 35856 rows
  Extracting dwt features...
  [OK] Patient 63/dwt: 35856 rows

----------------------------------------
Patient 66
----------------------------------------
  EDF loaded: 11350 epochs x 18 channels x 256 samples
  Annotations: 11018/11350 valid (agreement), seizure=1548, non-seizure=9470
  Extracting spectral slope features...
  [SKIP] Patient 66: already cached at D:\neonatal\study_results\feature_cache\spectral_slope\patient_066.csv
  Extracting band_power features...
  [SKIP] Patient 66/band_power: already cached
  Extracting hjorth features...
  [SKIP] Patient 66/hjorth: already cached
  Extracting time_domain features...
  [SKIP] Patient 66/time_domain: already cached
  Extracting spectral_entropy features...
  [SKIP] Patient 66/spectral_entropy: already cached
  Extracting emd features...
  [OK] Patient 66/emd: 198324 rows
  Extracting dwt features...
  [OK] Patient 66/dwt: 198324 rows

----------------------------------------
Patient 67
----------------------------------------
  EDF loaded: 4900 epochs x 18 channels x 256 samples
  Annotations: 4439/4900 valid (agreement), seizure=1342, non-seizure=3097
  Extracting spectral slope features...
  [SKIP] Patient 67: already cached at D:\neonatal\study_results\feature_cache\spectral_slope\patient_067.csv
  Extracting band_power features...
  [SKIP] Patient 67/band_power: already cached
  Extracting hjorth features...
  [SKIP] Patient 67/hjorth: already cached
  Extracting time_domain features...
  [SKIP] Patient 67/time_domain: already cached
  Extracting spectral_entropy features...
  [SKIP] Patient 67/spectral_entropy: already cached
  Extracting emd features...
  [OK] Patient 67/emd: 79902 rows
  Extracting dwt features...
  [OK] Patient 67/dwt: 79902 rows

----------------------------------------
Patient 69
----------------------------------------
  EDF loaded: 3973 epochs x 18 channels x 256 samples
  Annotations: 2757/3973 valid (agreement), seizure=2250, non-seizure=507
  Extracting spectral slope features...
  [SKIP] Patient 69: already cached at D:\neonatal\study_results\feature_cache\spectral_slope\patient_069.csv
  Extracting band_power features...
  [SKIP] Patient 69/band_power: already cached
  Extracting hjorth features...
  [SKIP] Patient 69/hjorth: already cached
  Extracting time_domain features...
  [SKIP] Patient 69/time_domain: already cached
  Extracting spectral_entropy features...
  [SKIP] Patient 69/spectral_entropy: already cached
  Extracting emd features...
  [OK] Patient 69/emd: 49626 rows
  Extracting dwt features...
  [OK] Patient 69/dwt: 49626 rows

----------------------------------------
Patient 73
----------------------------------------
  EDF loaded: 3730 epochs x 18 channels x 256 samples
  Annotations: 3374/3730 valid (agreement), seizure=809, non-seizure=2565
  Extracting spectral slope features...
  [SKIP] Patient 73: already cached at D:\neonatal\study_results\feature_cache\spectral_slope\patient_073.csv
  Extracting band_power features...
  [SKIP] Patient 73/band_power: already cached
  Extracting hjorth features...
  [SKIP] Patient 73/hjorth: already cached
  Extracting time_domain features...
  [SKIP] Patient 73/time_domain: already cached
  Extracting spectral_entropy features...
  [SKIP] Patient 73/spectral_entropy: already cached
  Extracting emd features...
  [OK] Patient 73/emd: 60732 rows
  Extracting dwt features...
  [OK] Patient 73/dwt: 60732 rows

----------------------------------------
Patient 75
----------------------------------------
  EDF loaded: 3955 epochs x 18 channels x 256 samples
  Annotations: 3948/3955 valid (agreement), seizure=918, non-seizure=3030
  Extracting spectral slope features...
  [SKIP] Patient 75: already cached at D:\neonatal\study_results\feature_cache\spectral_slope\patient_075.csv
  Extracting band_power features...
  [SKIP] Patient 75/band_power: already cached
  Extracting hjorth features...
  [SKIP] Patient 75/hjorth: already cached
  Extracting time_domain features...
  [SKIP] Patient 75/time_domain: already cached
  Extracting spectral_entropy features...
  [SKIP] Patient 75/spectral_entropy: already cached
  Extracting emd features...
  [OK] Patient 75/emd: 71064 rows
  Extracting dwt features...
  [OK] Patient 75/dwt: 71064 rows

----------------------------------------
Patient 76
----------------------------------------
  EDF loaded: 3821 epochs x 18 channels x 256 samples
  Annotations: 3555/3821 valid (agreement), seizure=375, non-seizure=3180
  Extracting spectral slope features...
  [SKIP] Patient 76: already cached at D:\neonatal\study_results\feature_cache\spectral_slope\patient_076.csv
  Extracting band_power features...
  [SKIP] Patient 76/band_power: already cached
  Extracting hjorth features...
  [SKIP] Patient 76/hjorth: already cached
  Extracting time_domain features...
  [SKIP] Patient 76/time_domain: already cached
  Extracting spectral_entropy features...
  [SKIP] Patient 76/spectral_entropy: already cached
  Extracting emd features...
  [OK] Patient 76/emd: 63990 rows
  Extracting dwt features...
  [OK] Patient 76/dwt: 63990 rows

----------------------------------------
Patient 77
----------------------------------------
  EDF loaded: 4193 epochs x 18 channels x 256 samples
  Annotations: 3829/4193 valid (agreement), seizure=256, non-seizure=3573
  Extracting spectral slope features...
  [SKIP] Patient 77: already cached at D:\neonatal\study_results\feature_cache\spectral_slope\patient_077.csv
  Extracting band_power features...
  [SKIP] Patient 77/band_power: already cached
  Extracting hjorth features...
  [SKIP] Patient 77/hjorth: already cached
  Extracting time_domain features...
  [SKIP] Patient 77/time_domain: already cached
  Extracting spectral_entropy features...
  [SKIP] Patient 77/spectral_entropy: already cached
  Extracting emd features...
  [OK] Patient 77/emd: 68922 rows
  Extracting dwt features...
  [OK] Patient 77/dwt: 68922 rows

----------------------------------------
Patient 78
----------------------------------------
  EDF loaded: 4971 epochs x 18 channels x 256 samples
  Annotations: 4256/4971 valid (agreement), seizure=1915, non-seizure=2341
  Extracting spectral slope features...
  [SKIP] Patient 78: already cached at D:\neonatal\study_results\feature_cache\spectral_slope\patient_078.csv
  Extracting band_power features...
  [SKIP] Patient 78/band_power: already cached
  Extracting hjorth features...
  [SKIP] Patient 78/hjorth: already cached
  Extracting time_domain features...
  [SKIP] Patient 78/time_domain: already cached
  Extracting spectral_entropy features...
  [SKIP] Patient 78/spectral_entropy: already cached
  Extracting emd features...
  [OK] Patient 78/emd: 76608 rows
  Extracting dwt features...
  [OK] Patient 78/dwt: 76608 rows

----------------------------------------
Patient 79
----------------------------------------
  EDF loaded: 3297 epochs x 18 channels x 256 samples
  Annotations: 2997/3297 valid (agreement), seizure=179, non-seizure=2818
  Extracting spectral slope features...
  [SKIP] Patient 79: already cached at D:\neonatal\study_results\feature_cache\spectral_slope\patient_079.csv
  Extracting band_power features...
  [SKIP] Patient 79/band_power: already cached
  Extracting hjorth features...
  [SKIP] Patient 79/hjorth: already cached
  Extracting time_domain features...
  [SKIP] Patient 79/time_domain: already cached
  Extracting spectral_entropy features...
  [SKIP] Patient 79/spectral_entropy: already cached
  Extracting emd features...
  [OK] Patient 79/emd: 53946 rows
  Extracting dwt features...
  [OK] Patient 79/dwt: 53946 rows

================================================================================
  CACHING COMPLETE
================================================================================
  Patients processed: 39
  Patients skipped:   0
  Patients failed:    0
  Time elapsed:       21155.9s (352.6m)

  Cache locations:
    Spectral slope: D:\neonatal\study_results\feature_cache\spectral_slope
    band_power        : D:\neonatal\study_results\feature_cache\baselines\band_power
    hjorth            : D:\neonatal\study_results\feature_cache\baselines\hjorth
    time_domain       : D:\neonatal\study_results\feature_cache\baselines\time_domain
    spectral_entropy  : D:\neonatal\study_results\feature_cache\baselines\spectral_entropy
    emd               : D:\neonatal\study_results\feature_cache\baselines\emd
    dwt               : D:\neonatal\study_results\feature_cache\baselines\dwt

  Next steps:
    uv run python -m studies.study_01_classifier_ladder
    uv run python -m studies.study_02_feature_ablation
    uv run --with umap-learn python -m studies.study_03_umap_tsne
    uv run python -m studies.study_04_fisher_ratio
    uv run python -m studies.study_05_baseline_comparison
    uv run python -m studies.study_06_temporal_trajectory
    uv run python -m studies.study_07_cohens_d
    uv run python -m studies.study_08_sampler_ablation
